// Jest Snapshot v1, https://goo.gl/fbAQLP

exports[`MapSnapTest Map should render map component with pins 1`] = `
<section
  className="property__map map"
/>
`;
